
> renta@0.1.0 build
> next build

Γû▓ Next.js 16.1.6 (Turbopack)
- Environments: .env

node.exe : ΓÜá The "middleware" file 
convention is deprecated. Please use 
"proxy" instead. Learn more: https://nex
tjs.org/docs/messages/middleware-to-prox
y
At line:1 char:1
+ & "C:\Program Files\nodejs/node.exe" 
"C:\Program Files\nodejs/node_mo ...
+ ~~~~~~~~~~~~~~~~~~~~~~~~~~~~~~~~~~~~~~
~~~~~~~~~~~~~~~~~~~~~~~~~~~~~~~
    + CategoryInfo          : NotSpecif 
   ied: (ΓÜá The "middle...leware-to-p  
  roxy:String) [], RemoteException
    + FullyQualifiedErrorId : NativeCom 
   mandError
 
  Creating an optimized production build ...

> Build error occurred
Error: Turbopack build failed with 1 
errors:
./src/app/about/page.js:3:1
Module not found: Can't resolve 
'./page.module.css'
[0m [90m 1 |[39m [36mimport[39m 
[33mLink[39m [36mfrom[39m 
[32m'next/link'[39m[33m;[39m
 [90m 2 |[39m [36mimport[39m { 
[33mShield[39m[33m,[39m 
[33mUsers[39m[33m,[39m 
[33mBuilding[39m[33m,[39m 
[33mHeart[39m } [36mfrom[39m 
[32m'lucide-react'[39m[33m;[39m
[31m[1m>[22m[39m[90m 3 |[39m 
[36mimport[39m styles [36mfrom[39m 
[32m'./page.module.css'[39m[33m;[39m 
[90m// Reusing some base styles for 
consistency[39m
 [90m   |[39m [31m[1m^[22m[39m[31
m[1m^[22m[39m[31m[1m^[22m[39m[31
m[1m^[22m[39m[31m[1m^[22m[39m[31
m[1m^[22m[39m[31m[1m^[22m[39m[31
m[1m^[22m[39m[31m[1m^[22m[39m[31
m[1m^[22m[39m[31m[1m^[22m[39m[31
m[1m^[22m[39m[31m[1m^[22m[39m[31
m[1m^[22m[39m[31m[1m^[22m[39m[31
m[1m^[22m[39m[31m[1m^[22m[39m[31
m[1m^[22m[39m[31m[1m^[22m[39m[31
m[1m^[22m[39m[31m[1m^[22m[39m[31
m[1m^[22m[39m[31m[1m^[22m[39m[31
m[1m^[22m[39m[31m[1m^[22m[39m[31
m[1m^[22m[39m[31m[1m^[22m[39m[31
m[1m^[22m[39m[31m[1m^[22m[39m[31
m[1m^[22m[39m[31m[1m^[22m[39m[31
m[1m^[22m[39m[31m[1m^[22m[39m[31
m[1m^[22m[39m[31m[1m^[22m[39m[31
m[1m^[22m[39m[31m[1m^[22m[39m[31
m[1m^[22m[39m[31m[1m^[22m[39m
 [90m 4 |[39m
 [90m 5 |[39m [36mexport[39m 
[36mconst[39m metadata [33m=[39m {
 [90m 6 |[39m     title[33m:[39m 
[32m'About Us | 
Renta'[39m[33m,[39m[0m



https://nextjs.org/docs/messages/module-
not-found


    at <unknown> 
(./src/app/about/page.js:3:1)
    at <unknown> (https://nextjs.org/doc
s/messages/module-not-found)
